[2026-04-18 14:31:43]: Peer 1001 started listening on 6001...
[2026-04-18 14:31:48]: Peer 1001 is terminating as all peers have completed.
[2026-04-18 14:32:25]: Peer 1001 started listening on 6001...
[2026-04-18 14:32:30]: Peer 1001 is connected from Peer 1002.
[2026-04-18 14:32:30]: Peer 1001 received the 'interested' message from 1002.
[2026-04-18 14:32:30]: Peer 1001 has the preferred neighbors 1002.
[2026-04-18 14:32:30]: Peer 1001 received the 'have' message from 1002 for the piece 84.
[2026-04-18 14:32:30]: Peer 1001 received the 'have' message from 1002 for the piece 90.
[2026-04-18 14:32:30]: Peer 1001 received the 'have' message from 1002 for the piece 29.
[2026-04-18 14:32:30]: Peer 1001 received the 'have' message from 1002 for the piece 82.
[2026-04-18 14:32:30]: Peer 1001 received the 'have' message from 1002 for the piece 101.
[2026-04-18 14:32:30]: Peer 1001 received the 'have' message from 1002 for the piece 57.
[2026-04-18 14:32:30]: Peer 1001 received the 'have' message from 1002 for the piece 111.
[2026-04-18 14:32:30]: Peer 1001 received the 'have' message from 1002 for the piece 35.
[2026-04-18 14:32:30]: Peer 1001 received the 'have' message from 1002 for the piece 28.
[2026-04-18 14:32:30]: Peer 1001 received the 'have' message from 1002 for the piece 127.
[2026-04-18 14:32:30]: Peer 1001 received the 'have' message from 1002 for the piece 37.
[2026-04-18 14:32:30]: Peer 1001 received the 'have' message from 1002 for the piece 63.
[2026-04-18 14:32:30]: Peer 1001 received the 'have' message from 1002 for the piece 7.
[2026-04-18 14:32:30]: Peer 1001 received the 'have' message from 1002 for the piece 81.
[2026-04-18 14:32:30]: Peer 1001 received the 'have' message from 1002 for the piece 69.
[2026-04-18 14:32:30]: Peer 1001 received the 'have' message from 1002 for the piece 108.
[2026-04-18 14:32:30]: Peer 1001 received the 'have' message from 1002 for the piece 52.
[2026-04-18 14:32:30]: Peer 1001 received the 'have' message from 1002 for the piece 109.
[2026-04-18 14:32:30]: Peer 1001 received the 'have' message from 1002 for the piece 61.
[2026-04-18 14:32:30]: Peer 1001 received the 'have' message from 1002 for the piece 124.
[2026-04-18 14:32:30]: Peer 1001 received the 'have' message from 1002 for the piece 50.
[2026-04-18 14:32:30]: Peer 1001 received the 'have' message from 1002 for the piece 76.
[2026-04-18 14:32:30]: Peer 1001 received the 'have' message from 1002 for the piece 44.
[2026-04-18 14:32:30]: Peer 1001 received the 'have' message from 1002 for the piece 70.
[2026-04-18 14:32:30]: Peer 1001 received the 'have' message from 1002 for the piece 8.
[2026-04-18 14:32:30]: Peer 1001 received the 'have' message from 1002 for the piece 87.
[2026-04-18 14:32:30]: Peer 1001 received the 'have' message from 1002 for the piece 116.
[2026-04-18 14:32:30]: Peer 1001 received the 'have' message from 1002 for the piece 38.
[2026-04-18 14:32:30]: Peer 1001 received the 'have' message from 1002 for the piece 40.
[2026-04-18 14:32:30]: Peer 1001 received the 'have' message from 1002 for the piece 104.
[2026-04-18 14:32:30]: Peer 1001 received the 'have' message from 1002 for the piece 59.
[2026-04-18 14:32:30]: Peer 1001 received the 'have' message from 1002 for the piece 110.
[2026-04-18 14:32:30]: Peer 1001 received the 'have' message from 1002 for the piece 93.
[2026-04-18 14:32:30]: Peer 1001 received the 'have' message from 1002 for the piece 2.
[2026-04-18 14:32:30]: Peer 1001 received the 'have' message from 1002 for the piece 86.
[2026-04-18 14:32:30]: Peer 1001 received the 'have' message from 1002 for the piece 31.
[2026-04-18 14:32:30]: Peer 1001 received the 'have' message from 1002 for the piece 3.
[2026-04-18 14:32:30]: Peer 1001 received the 'have' message from 1002 for the piece 12.
[2026-04-18 14:32:30]: Peer 1001 received the 'have' message from 1002 for the piece 74.
[2026-04-18 14:32:30]: Peer 1001 received the 'have' message from 1002 for the piece 17.
[2026-04-18 14:32:30]: Peer 1001 received the 'have' message from 1002 for the piece 14.
[2026-04-18 14:32:30]: Peer 1001 received the 'have' message from 1002 for the piece 27.
[2026-04-18 14:32:30]: Peer 1001 received the 'have' message from 1002 for the piece 106.
[2026-04-18 14:32:30]: Peer 1001 received the 'have' message from 1002 for the piece 9.
[2026-04-18 14:32:30]: Peer 1001 received the 'have' message from 1002 for the piece 62.
[2026-04-18 14:32:30]: Peer 1001 received the 'have' message from 1002 for the piece 121.
[2026-04-18 14:32:30]: Peer 1001 received the 'have' message from 1002 for the piece 22.
[2026-04-18 14:32:30]: Peer 1001 received the 'have' message from 1002 for the piece 15.
[2026-04-18 14:32:30]: Peer 1001 received the 'have' message from 1002 for the piece 129.
[2026-04-18 14:32:30]: Peer 1001 received the 'have' message from 1002 for the piece 56.
[2026-04-18 14:32:30]: Peer 1001 received the 'have' message from 1002 for the piece 131.
[2026-04-18 14:32:30]: Peer 1001 received the 'have' message from 1002 for the piece 66.
[2026-04-18 14:32:30]: Peer 1001 received the 'have' message from 1002 for the piece 102.
[2026-04-18 14:32:30]: Peer 1001 received the 'have' message from 1002 for the piece 10.
[2026-04-18 14:32:31]: Peer 1001 received the 'have' message from 1002 for the piece 89.
[2026-04-18 14:32:31]: Peer 1001 received the 'have' message from 1002 for the piece 75.
[2026-04-18 14:32:31]: Peer 1001 received the 'have' message from 1002 for the piece 1.
[2026-04-18 14:32:31]: Peer 1001 received the 'have' message from 1002 for the piece 46.
[2026-04-18 14:32:31]: Peer 1001 received the 'have' message from 1002 for the piece 107.
[2026-04-18 14:32:31]: Peer 1001 received the 'have' message from 1002 for the piece 132.
[2026-04-18 14:32:31]: Peer 1001 received the 'have' message from 1002 for the piece 118.
[2026-04-18 14:32:31]: Peer 1001 received the 'have' message from 1002 for the piece 95.
[2026-04-18 14:32:31]: Peer 1001 received the 'have' message from 1002 for the piece 80.
[2026-04-18 14:32:31]: Peer 1001 received the 'have' message from 1002 for the piece 13.
[2026-04-18 14:32:31]: Peer 1001 received the 'have' message from 1002 for the piece 18.
[2026-04-18 14:32:31]: Peer 1001 received the 'have' message from 1002 for the piece 64.
[2026-04-18 14:32:31]: Peer 1001 received the 'have' message from 1002 for the piece 34.
[2026-04-18 14:32:31]: Peer 1001 received the 'have' message from 1002 for the piece 100.
[2026-04-18 14:32:31]: Peer 1001 received the 'have' message from 1002 for the piece 21.
[2026-04-18 14:32:31]: Peer 1001 received the 'have' message from 1002 for the piece 47.
[2026-04-18 14:32:31]: Peer 1001 received the 'have' message from 1002 for the piece 43.
[2026-04-18 14:32:31]: Peer 1001 received the 'have' message from 1002 for the piece 24.
[2026-04-18 14:32:31]: Peer 1001 received the 'have' message from 1002 for the piece 125.
[2026-04-18 14:32:31]: Peer 1001 received the 'have' message from 1002 for the piece 94.
[2026-04-18 14:32:31]: Peer 1001 received the 'have' message from 1002 for the piece 49.
[2026-04-18 14:32:31]: Peer 1001 received the 'have' message from 1002 for the piece 96.
[2026-04-18 14:32:31]: Peer 1001 received the 'have' message from 1002 for the piece 11.
[2026-04-18 14:32:31]: Peer 1001 received the 'have' message from 1002 for the piece 112.
[2026-04-18 14:32:31]: Peer 1001 received the 'have' message from 1002 for the piece 73.
[2026-04-18 14:32:31]: Peer 1001 received the 'have' message from 1002 for the piece 32.
[2026-04-18 14:32:31]: Peer 1001 received the 'have' message from 1002 for the piece 119.
[2026-04-18 14:32:31]: Peer 1001 received the 'have' message from 1002 for the piece 103.
[2026-04-18 14:32:31]: Peer 1001 received the 'have' message from 1002 for the piece 97.
[2026-04-18 14:32:31]: Peer 1001 received the 'have' message from 1002 for the piece 23.
[2026-04-18 14:32:31]: Peer 1001 received the 'have' message from 1002 for the piece 58.
[2026-04-18 14:32:31]: Peer 1001 received the 'have' message from 1002 for the piece 6.
[2026-04-18 14:32:31]: Peer 1001 received the 'have' message from 1002 for the piece 45.
[2026-04-18 14:32:31]: Peer 1001 received the 'have' message from 1002 for the piece 51.
[2026-04-18 14:32:31]: Peer 1001 received the 'have' message from 1002 for the piece 53.
[2026-04-18 14:32:31]: Peer 1001 received the 'have' message from 1002 for the piece 65.
[2026-04-18 14:32:31]: Peer 1001 received the 'have' message from 1002 for the piece 36.
[2026-04-18 14:32:31]: Peer 1001 received the 'have' message from 1002 for the piece 25.
[2026-04-18 14:32:31]: Peer 1001 received the 'have' message from 1002 for the piece 114.
[2026-04-18 14:32:31]: Peer 1001 received the 'have' message from 1002 for the piece 20.
[2026-04-18 14:32:31]: Peer 1001 received the 'have' message from 1002 for the piece 30.
[2026-04-18 14:32:31]: Peer 1001 received the 'have' message from 1002 for the piece 72.
[2026-04-18 14:32:31]: Peer 1001 received the 'have' message from 1002 for the piece 98.
[2026-04-18 14:32:31]: Peer 1001 received the 'have' message from 1002 for the piece 91.
[2026-04-18 14:32:31]: Peer 1001 received the 'have' message from 1002 for the piece 67.
[2026-04-18 14:32:31]: Peer 1001 received the 'have' message from 1002 for the piece 126.
[2026-04-18 14:32:31]: Peer 1001 received the 'have' message from 1002 for the piece 120.
[2026-04-18 14:32:31]: Peer 1001 received the 'have' message from 1002 for the piece 128.
[2026-04-18 14:32:31]: Peer 1001 received the 'have' message from 1002 for the piece 92.
[2026-04-18 14:32:31]: Peer 1001 received the 'have' message from 1002 for the piece 99.
[2026-04-18 14:32:31]: Peer 1001 received the 'have' message from 1002 for the piece 79.
[2026-04-18 14:32:31]: Peer 1001 received the 'have' message from 1002 for the piece 16.
[2026-04-18 14:32:31]: Peer 1001 received the 'have' message from 1002 for the piece 41.
[2026-04-18 14:32:31]: Peer 1001 received the 'have' message from 1002 for the piece 83.
[2026-04-18 14:32:31]: Peer 1001 received the 'have' message from 1002 for the piece 85.
[2026-04-18 14:32:31]: Peer 1001 received the 'have' message from 1002 for the piece 130.
[2026-04-18 14:32:31]: Peer 1001 received the 'have' message from 1002 for the piece 54.
[2026-04-18 14:32:31]: Peer 1001 received the 'have' message from 1002 for the piece 60.
[2026-04-18 14:32:31]: Peer 1001 received the 'have' message from 1002 for the piece 55.
[2026-04-18 14:32:31]: Peer 1001 received the 'have' message from 1002 for the piece 33.
[2026-04-18 14:32:31]: Peer 1001 received the 'have' message from 1002 for the piece 78.
[2026-04-18 14:32:31]: Peer 1001 received the 'have' message from 1002 for the piece 117.
[2026-04-18 14:32:31]: Peer 1001 received the 'have' message from 1002 for the piece 88.
[2026-04-18 14:32:31]: Peer 1001 received the 'have' message from 1002 for the piece 115.
[2026-04-18 14:32:31]: Peer 1001 received the 'have' message from 1002 for the piece 123.
[2026-04-18 14:32:31]: Peer 1001 received the 'have' message from 1002 for the piece 0.
[2026-04-18 14:32:31]: Peer 1001 received the 'have' message from 1002 for the piece 4.
[2026-04-18 14:32:31]: Peer 1001 received the 'have' message from 1002 for the piece 19.
[2026-04-18 14:32:31]: Peer 1001 received the 'have' message from 1002 for the piece 71.
[2026-04-18 14:32:31]: Peer 1001 received the 'have' message from 1002 for the piece 105.
[2026-04-18 14:32:31]: Peer 1001 received the 'have' message from 1002 for the piece 5.
[2026-04-18 14:32:31]: Peer 1001 received the 'have' message from 1002 for the piece 39.
[2026-04-18 14:32:31]: Peer 1001 received the 'have' message from 1002 for the piece 68.
[2026-04-18 14:32:31]: Peer 1001 received the 'have' message from 1002 for the piece 113.
[2026-04-18 14:32:31]: Peer 1001 received the 'have' message from 1002 for the piece 122.
[2026-04-18 14:32:31]: Peer 1001 received the 'have' message from 1002 for the piece 77.
[2026-04-18 14:32:31]: Peer 1001 received the 'have' message from 1002 for the piece 26.
[2026-04-18 14:32:31]: Peer 1001 received the 'have' message from 1002 for the piece 48.
[2026-04-18 14:32:31]: Peer 1001 received the 'have' message from 1002 for the piece 42.
[2026-04-18 14:32:31]: Peer 1002 has downloaded the complete file.
[2026-04-18 14:32:31]: Peer 1001 received the 'not interested' message from 1002.
[2026-04-18 14:32:35]: Peer 1001 is terminating as all peers have completed.
[2026-04-18 14:33:27]: Peer 1001 started listening on 6001...
[2026-04-18 14:33:33]: Peer 1001 is terminating as all peers have completed.
[2026-04-18 14:36:20]: Peer 1001 started listening on 6001...
[2026-04-18 14:36:27]: Peer 1001 is terminating as all peers have completed.
[2026-04-18 14:38:56]: Peer 1001 listening on 6001
[2026-04-18 14:39:09]: Peer 1001 listening on 6001
[2026-04-18 14:43:32]: Peer 1001 listening on 6001
[2026-04-18 14:45:18]: Peer 1001 started listening on 6001...
[2026-04-18 14:45:23]: Peer 1001 is terminating as all peers have completed.
[2026-04-18 14:48:13]: Peer 1001 listening on 6001
[2026-04-18 14:48:31]: Peer 1001 connected from Peer 1002
[2026-04-18 14:48:38]: Peer 1001 connected from Peer 1003
[2026-04-18 15:01:38]: Peer 1001 listening on 6001
[2026-04-18 15:01:42]: Peer 1001 connected from Peer 1002
[2026-04-18 15:01:47]: Peer 1001 connected from Peer 1003
[2026-04-18 15:04:22]: Peer 1001 listening on 6001
[2026-04-18 15:04:29]: Peer 1001 connected from Peer 1002
[2026-04-18 15:04:35]: Peer 1001 connected from Peer 1003
[2026-04-18 15:10:20]: Peer 1001 listening on 6001
[2026-04-18 15:10:26]: Peer 1001 connected from Peer 1002
[2026-04-18 15:10:29]: Peer 1001 connected from Peer 1003
[2026-04-18 15:17:17]: Peer 1001 listening on 6001
[2026-04-18 15:17:23]: Peer 1001 connected from Peer 1002
[2026-04-18 15:17:30]: Peer 1001 connected from Peer 1003
[2026-04-18 15:23:00]: Peer 1001 listening on 6001
[2026-04-18 15:23:06]: Peer 1001 connected from Peer 1002
[2026-04-18 15:23:08]: Peer 1001 connected from Peer 1003
[2026-04-18 15:28:22]: Peer 1001 listening on 6001
[2026-04-18 15:34:17]: Peer 1001 listening on 6001
[2026-04-18 15:34:22]: Peer 1001 connected from Peer 1002
[2026-04-18 15:34:25]: Peer 1001 connected from Peer 1003
[2026-04-18 15:36:30]: Peer 1001 listening on 6001
[2026-04-18 15:36:38]: Peer 1001 connected from Peer 1002
[2026-04-18 15:36:44]: Peer 1001 connected from Peer 1003
[2026-04-18 15:38:43]: Peer 1001 listening on 6001
[2026-04-18 15:40:24]: Peer 1001 listening on 6001
[2026-04-18 15:40:28]: Peer 1001 connected from Peer 1002
[2026-04-18 15:40:33]: Peer 1001 connected from Peer 1003
[2026-04-18 15:45:08]: Peer 1001 listening on 6001
[2026-04-18 15:45:13]: Peer 1001 connected from Peer 1002
[2026-04-18 15:45:17]: Peer 1001 connected from Peer 1003
[2026-04-18 15:47:38]: Peer 1001 listening on 6001
[2026-04-18 15:47:42]: Peer 1001 connected from Peer 1002
[2026-04-18 15:47:44]: Peer 1001 connected from Peer 1003
[2026-04-18 15:50:09]: Peer 1001 listening on 6001
[2026-04-18 15:50:13]: Peer 1001 connected from Peer 1002
[2026-04-18 15:50:16]: Peer 1001 connected from Peer 1003
[2026-04-18 15:54:27]: Peer 1001 listening on 6001
[2026-04-18 15:54:31]: Peer 1001 connected from Peer 1002
[2026-04-18 15:54:36]: Peer 1001 connected from Peer 1003
[2026-04-18 15:56:16]: Peer 1001 listening on 6001
[2026-04-18 15:56:20]: Peer 1001 connected from Peer 1002
[2026-04-18 15:56:23]: Peer 1001 connected from Peer 1003
[2026-04-18 15:58:32]: Peer 1001 listening on 6001
[2026-04-18 15:58:36]: Peer 1001 connected from Peer 1002
[2026-04-18 15:58:39]: Peer 1001 connected from Peer 1003
[2026-04-18 15:59:43]: Peer 1001 listening on 6001
[2026-04-18 15:59:49]: Peer 1001 connected from Peer 1002
[2026-04-18 15:59:53]: Peer 1001 connected from Peer 1003
[2026-04-18 16:05:49]: Peer 1001 listening on 6001
[2026-04-18 16:06:03]: Peer 1001 listening on 6001
[2026-04-18 16:06:13]: Peer 1001 connected from Peer 1002
[2026-04-18 16:06:18]: Peer 1001 connected from Peer 1003
[2026-04-18 16:08:32]: Peer 1001 listening on 6001
[2026-04-18 16:08:41]: Peer 1001 connected from Peer 1002
[2026-04-18 16:08:52]: Peer 1001 connected from Peer 1003
[2026-04-18 16:18:39]: Peer 1001 listening on 6001
[2026-04-18 16:19:00]: Peer 1001 connected from Peer 1002
[2026-04-18 16:19:08]: Peer 1001 connected from Peer 1003
[2026-04-18 16:21:35]: Peer 1001 listening on 6001
[2026-04-18 16:21:44]: Peer 1001 connected from Peer 1002
[2026-04-18 16:21:48]: Peer 1001 connected from Peer 1003
[2026-04-18 16:22:43]: Peer 1001 listening on 6001
[2026-04-18 16:22:49]: Peer 1001 connected from Peer 1002
[2026-04-18 16:22:55]: Peer 1001 connected from Peer 1003
[2026-04-18 16:26:31]: Peer 1001 listening on 6001
[2026-04-18 16:26:41]: Peer 1001 connected from Peer 1002
[2026-04-18 16:26:48]: Peer 1001 connected from Peer 1003
[2026-04-18 16:29:07]: Peer 1001 listening on 6001
[2026-04-18 16:29:15]: Peer 1001 connected from Peer 1002
[2026-04-18 16:29:23]: Peer 1001 connected from Peer 1003
[2026-04-18 16:30:41]: Peer 1001 listening on 6001
[2026-04-18 16:30:47]: Peer 1001 connected from Peer 1002
[2026-04-18 16:30:50]: Peer 1001 connected from Peer 1003
[2026-04-18 16:37:37]: Peer 1001 listening on 6001
[2026-04-18 16:37:43]: Peer 1001 connected from Peer 1002
[2026-04-18 16:37:48]: Peer 1001 connected from Peer 1003
[2026-04-18 16:38:59]: Peer 1001 listening on 6001
[2026-04-18 16:39:04]: Peer 1001 connected from Peer 1002
[2026-04-18 16:39:09]: Peer 1001 connected from Peer 1003
[2026-04-18 16:42:50]: Peer 1001 listening on 6001
[2026-04-18 16:42:55]: Peer 1001 connected from Peer 1002
[2026-04-18 16:42:58]: Peer 1001 connected from Peer 1003
[2026-04-18 16:43:27]: Peer 1001 listening on 6001
[2026-04-18 16:43:33]: Peer 1001 connected from Peer 1002
[2026-04-18 16:43:35]: Peer 1001 connected from Peer 1003
